== es (spanish)
Loading model from config at /Users/yqbqwlny/Documents/projects/audio/pocket-tts-onnx/.venv/lib/python3.13/site-packages/pocket_tts/config/spanish.yaml...
Loading sentencepiece tokenizer from hf://kyutai/pocket-tts-without-voice-cloning/languages/spanish/tokenizer.model@d29db7978e464fb90cb3359ee0c69a273b9142cc
Loading TTSModel weights from hf://kyutai/pocket-tts/languages/spanish/model.safetensors@39592ff23c9ef80098bb74895d104c26275fe2c9
TTS Model loaded successfully. Its size is 438.0 MB
Encoding voice lola
Encoding voice javert
HTTP Request: HEAD https://huggingface.co/kyutai/tts-voices/resolve/main/voice-donations/Butter.wav "HTTP/1.1 302 Found"
Exporting step graph, up to 4 decode steps (tokens, latent, is_bos, cond, gates, noise, flow_kv, flow_offset, mimi_kv, mimi_offset, mimi_conv, decode_steps)
/Users/yqbqwlny/Documents/projects/audio/pocket-tts-onnx/.venv/lib/python3.13/site-packages/pocket_tts/modules/rope.py:23: TracerWarning: Converting a tensor to a Python boolean might cause the trace to be incorrect. We can't record the data flow of Python values, so this value will be treated as a constant in the future. This means that the trace might not generalize to other inputs!
  assert (B, T, D) == (Bk, Tk, Dk)
/Users/yqbqwlny/Documents/projects/audio/pocket-tts-onnx/.venv/lib/python3.13/site-packages/pocket_tts/modules/rope.py:24: TracerWarning: Converting a tensor to a Python boolean might cause the trace to be incorrect. We can't record the data flow of Python values, so this value will be treated as a constant in the future. This means that the trace might not generalize to other inputs!
  assert D > 0
/Users/yqbqwlny/Documents/projects/audio/pocket-tts-onnx/.venv/lib/python3.13/site-packages/pocket_tts/modules/rope.py:25: TracerWarning: Converting a tensor to a Python boolean might cause the trace to be incorrect. We can't record the data flow of Python values, so this value will be treated as a constant in the future. This means that the trace might not generalize to other inputs!
  assert D % 2 == 0
/Users/yqbqwlny/Documents/projects/audio/pocket-tts-onnx/src/pocket_tts_onnx/export/step_model.py:35: TracerWarning: Converting a tensor to a Python float might cause the trace to be incorrect. We can't record the data flow of Python values, so this value will be treated as a constant in the future. This means that the trace might not generalize to other inputs!
  scores = torch.matmul(q, k.transpose(-1, -2)) / math.sqrt(q.shape[-1])
Folded 13 identity nodes
Rewrote 102 gemms as matmuls
Quantizing 24 of 151 matmuls to int8
Please consider to run pre-processing before quantization. Refer to example: https://github.com/microsoft/onnxruntime-inference-examples/blob/main/quantization/image_classification/cpu/ReadMe.md 
Quantization parameters for tensor:"/norm1/LayerNormalization_output_0" not specified
Quantization parameters for tensor:"/Reshape_6_output_0" not specified
Quantization parameters for tensor:"/norm2/LayerNormalization_output_0" not specified
Quantization parameters for tensor:"/Mul_16_output_0" not specified
Quantization parameters for tensor:"/norm1_1/LayerNormalization_output_0" not specified
Quantization parameters for tensor:"/Reshape_13_output_0" not specified
Quantization parameters for tensor:"/norm2_1/LayerNormalization_output_0" not specified
Quantization parameters for tensor:"/Mul_30_output_0" not specified
Quantization parameters for tensor:"/norm1_2/LayerNormalization_output_0" not specified
Quantization parameters for tensor:"/Reshape_20_output_0" not specified
Quantization parameters for tensor:"/norm2_2/LayerNormalization_output_0" not specified
Quantization parameters for tensor:"/Mul_44_output_0" not specified
Quantization parameters for tensor:"/norm1_3/LayerNormalization_output_0" not specified
Quantization parameters for tensor:"/Reshape_27_output_0" not specified
Quantization parameters for tensor:"/norm2_3/LayerNormalization_output_0" not specified
Quantization parameters for tensor:"/Mul_58_output_0" not specified
Quantization parameters for tensor:"/norm1_4/LayerNormalization_output_0" not specified
Quantization parameters for tensor:"/Reshape_34_output_0" not specified
Quantization parameters for tensor:"/norm2_4/LayerNormalization_output_0" not specified
Quantization parameters for tensor:"/Mul_72_output_0" not specified
Quantization parameters for tensor:"/norm1_5/LayerNormalization_output_0" not specified
Quantization parameters for tensor:"/Reshape_41_output_0" not specified
Quantization parameters for tensor:"/norm2_5/LayerNormalization_output_0" not specified
Quantization parameters for tensor:"/Mul_86_output_0" not specified
Wrote exports/pocket-tts-es.onnx (226.6 MB)
Splitting exports/pocket-tts-es.onnx
  model     173.6 MB
  encoder    39.2 MB
  assets      0.8 MB
== de (german)
Loading model from config at /Users/yqbqwlny/Documents/projects/audio/pocket-tts-onnx/.venv/lib/python3.13/site-packages/pocket_tts/config/german.yaml...
Loading sentencepiece tokenizer from hf://kyutai/pocket-tts-without-voice-cloning/languages/german/tokenizer.model@d29db7978e464fb90cb3359ee0c69a273b9142cc
HTTP Request: HEAD https://huggingface.co/kyutai/pocket-tts-without-voice-cloning/resolve/d29db7978e464fb90cb3359ee0c69a273b9142cc/languages/german/tokenizer.model "HTTP/1.1 302 Found"
HTTP Request: GET https://huggingface.co/api/models/kyutai/pocket-tts-without-voice-cloning/xet-read-token/d29db7978e464fb90cb3359ee0c69a273b9142cc "HTTP/1.1 200 OK"
Loading TTSModel weights from hf://kyutai/pocket-tts/languages/german/model.safetensors@39592ff23c9ef80098bb74895d104c26275fe2c9
HTTP Request: HEAD https://huggingface.co/kyutai/pocket-tts/resolve/39592ff23c9ef80098bb74895d104c26275fe2c9/languages/german/model.safetensors "HTTP/1.1 302 Found"
HTTP Request: GET https://huggingface.co/api/models/kyutai/pocket-tts/xet-read-token/39592ff23c9ef80098bb74895d104c26275fe2c9 "HTTP/1.1 200 OK"
TTS Model loaded successfully. Its size is 438.0 MB
Encoding voice juergen
HTTP Request: HEAD https://huggingface.co/kyutai/pocket-tts/resolve/64ab7d24c479d736a83b8cc666c4a776fca30fda/de-DE-juergen.mp3 "HTTP/1.1 200 OK"
HTTP Request: GET https://huggingface.co/kyutai/pocket-tts/resolve/64ab7d24c479d736a83b8cc666c4a776fca30fda/de-DE-juergen.mp3 "HTTP/1.1 200 OK"
Encoding voice alba
HTTP Request: HEAD https://huggingface.co/kyutai/tts-voices/resolve/main/alba-mackenna/casual.wav "HTTP/1.1 302 Found"
Exporting step graph, up to 4 decode steps (tokens, latent, is_bos, cond, gates, noise, flow_kv, flow_offset, mimi_kv, mimi_offset, mimi_conv, decode_steps)
/Users/yqbqwlny/Documents/projects/audio/pocket-tts-onnx/.venv/lib/python3.13/site-packages/pocket_tts/modules/rope.py:23: TracerWarning: Converting a tensor to a Python boolean might cause the trace to be incorrect. We can't record the data flow of Python values, so this value will be treated as a constant in the future. This means that the trace might not generalize to other inputs!
  assert (B, T, D) == (Bk, Tk, Dk)
/Users/yqbqwlny/Documents/projects/audio/pocket-tts-onnx/.venv/lib/python3.13/site-packages/pocket_tts/modules/rope.py:24: TracerWarning: Converting a tensor to a Python boolean might cause the trace to be incorrect. We can't record the data flow of Python values, so this value will be treated as a constant in the future. This means that the trace might not generalize to other inputs!
  assert D > 0
/Users/yqbqwlny/Documents/projects/audio/pocket-tts-onnx/.venv/lib/python3.13/site-packages/pocket_tts/modules/rope.py:25: TracerWarning: Converting a tensor to a Python boolean might cause the trace to be incorrect. We can't record the data flow of Python values, so this value will be treated as a constant in the future. This means that the trace might not generalize to other inputs!
  assert D % 2 == 0
/Users/yqbqwlny/Documents/projects/audio/pocket-tts-onnx/src/pocket_tts_onnx/export/step_model.py:35: TracerWarning: Converting a tensor to a Python float might cause the trace to be incorrect. We can't record the data flow of Python values, so this value will be treated as a constant in the future. This means that the trace might not generalize to other inputs!
  scores = torch.matmul(q, k.transpose(-1, -2)) / math.sqrt(q.shape[-1])
Folded 13 identity nodes
Rewrote 102 gemms as matmuls
Quantizing 24 of 151 matmuls to int8
Please consider to run pre-processing before quantization. Refer to example: https://github.com/microsoft/onnxruntime-inference-examples/blob/main/quantization/image_classification/cpu/ReadMe.md 
Quantization parameters for tensor:"/norm1/LayerNormalization_output_0" not specified
Quantization parameters for tensor:"/Reshape_6_output_0" not specified
Quantization parameters for tensor:"/norm2/LayerNormalization_output_0" not specified
Quantization parameters for tensor:"/Mul_16_output_0" not specified
Quantization parameters for tensor:"/norm1_1/LayerNormalization_output_0" not specified
Quantization parameters for tensor:"/Reshape_13_output_0" not specified
Quantization parameters for tensor:"/norm2_1/LayerNormalization_output_0" not specified
Quantization parameters for tensor:"/Mul_30_output_0" not specified
Quantization parameters for tensor:"/norm1_2/LayerNormalization_output_0" not specified
Quantization parameters for tensor:"/Reshape_20_output_0" not specified
Quantization parameters for tensor:"/norm2_2/LayerNormalization_output_0" not specified
Quantization parameters for tensor:"/Mul_44_output_0" not specified
Quantization parameters for tensor:"/norm1_3/LayerNormalization_output_0" not specified
Quantization parameters for tensor:"/Reshape_27_output_0" not specified
Quantization parameters for tensor:"/norm2_3/LayerNormalization_output_0" not specified
Quantization parameters for tensor:"/Mul_58_output_0" not specified
Quantization parameters for tensor:"/norm1_4/LayerNormalization_output_0" not specified
Quantization parameters for tensor:"/Reshape_34_output_0" not specified
Quantization parameters for tensor:"/norm2_4/LayerNormalization_output_0" not specified
Quantization parameters for tensor:"/Mul_72_output_0" not specified
Quantization parameters for tensor:"/norm1_5/LayerNormalization_output_0" not specified
Quantization parameters for tensor:"/Reshape_41_output_0" not specified
Quantization parameters for tensor:"/norm2_5/LayerNormalization_output_0" not specified
Quantization parameters for tensor:"/Mul_86_output_0" not specified
Wrote exports/pocket-tts-de.onnx (226.6 MB)
Splitting exports/pocket-tts-de.onnx
  model     173.6 MB
  encoder    39.2 MB
  assets      0.8 MB
== it (italian)
Loading model from config at /Users/yqbqwlny/Documents/projects/audio/pocket-tts-onnx/.venv/lib/python3.13/site-packages/pocket_tts/config/italian.yaml...
Loading sentencepiece tokenizer from hf://kyutai/pocket-tts-without-voice-cloning/languages/italian/tokenizer.model@d29db7978e464fb90cb3359ee0c69a273b9142cc
HTTP Request: HEAD https://huggingface.co/kyutai/pocket-tts-without-voice-cloning/resolve/d29db7978e464fb90cb3359ee0c69a273b9142cc/languages/italian/tokenizer.model "HTTP/1.1 302 Found"
HTTP Request: GET https://huggingface.co/api/models/kyutai/pocket-tts-without-voice-cloning/xet-read-token/d29db7978e464fb90cb3359ee0c69a273b9142cc "HTTP/1.1 200 OK"
Loading TTSModel weights from hf://kyutai/pocket-tts/languages/italian/model.safetensors@39592ff23c9ef80098bb74895d104c26275fe2c9
HTTP Request: HEAD https://huggingface.co/kyutai/pocket-tts/resolve/39592ff23c9ef80098bb74895d104c26275fe2c9/languages/italian/model.safetensors "HTTP/1.1 302 Found"
HTTP Request: GET https://huggingface.co/api/models/kyutai/pocket-tts/xet-read-token/39592ff23c9ef80098bb74895d104c26275fe2c9 "HTTP/1.1 200 OK"
TTS Model loaded successfully. Its size is 438.0 MB
Encoding voice giovanni
HTTP Request: HEAD https://huggingface.co/kyutai/pocket-tts/resolve/64ab7d24c479d736a83b8cc666c4a776fca30fda/common_voice_it_36520747-enhanced-v2.mp3 "HTTP/1.1 200 OK"
HTTP Request: GET https://huggingface.co/kyutai/pocket-tts/resolve/64ab7d24c479d736a83b8cc666c4a776fca30fda/common_voice_it_36520747-enhanced-v2.mp3 "HTTP/1.1 200 OK"
Encoding voice alba
HTTP Request: HEAD https://huggingface.co/kyutai/tts-voices/resolve/main/alba-mackenna/casual.wav "HTTP/1.1 302 Found"
Exporting step graph, up to 4 decode steps (tokens, latent, is_bos, cond, gates, noise, flow_kv, flow_offset, mimi_kv, mimi_offset, mimi_conv, decode_steps)
/Users/yqbqwlny/Documents/projects/audio/pocket-tts-onnx/.venv/lib/python3.13/site-packages/pocket_tts/modules/rope.py:23: TracerWarning: Converting a tensor to a Python boolean might cause the trace to be incorrect. We can't record the data flow of Python values, so this value will be treated as a constant in the future. This means that the trace might not generalize to other inputs!
  assert (B, T, D) == (Bk, Tk, Dk)
/Users/yqbqwlny/Documents/projects/audio/pocket-tts-onnx/.venv/lib/python3.13/site-packages/pocket_tts/modules/rope.py:24: TracerWarning: Converting a tensor to a Python boolean might cause the trace to be incorrect. We can't record the data flow of Python values, so this value will be treated as a constant in the future. This means that the trace might not generalize to other inputs!
  assert D > 0
/Users/yqbqwlny/Documents/projects/audio/pocket-tts-onnx/.venv/lib/python3.13/site-packages/pocket_tts/modules/rope.py:25: TracerWarning: Converting a tensor to a Python boolean might cause the trace to be incorrect. We can't record the data flow of Python values, so this value will be treated as a constant in the future. This means that the trace might not generalize to other inputs!
  assert D % 2 == 0
/Users/yqbqwlny/Documents/projects/audio/pocket-tts-onnx/src/pocket_tts_onnx/export/step_model.py:35: TracerWarning: Converting a tensor to a Python float might cause the trace to be incorrect. We can't record the data flow of Python values, so this value will be treated as a constant in the future. This means that the trace might not generalize to other inputs!
  scores = torch.matmul(q, k.transpose(-1, -2)) / math.sqrt(q.shape[-1])
Folded 13 identity nodes
Rewrote 102 gemms as matmuls
Quantizing 24 of 151 matmuls to int8
Please consider to run pre-processing before quantization. Refer to example: https://github.com/microsoft/onnxruntime-inference-examples/blob/main/quantization/image_classification/cpu/ReadMe.md 
Quantization parameters for tensor:"/norm1/LayerNormalization_output_0" not specified
Quantization parameters for tensor:"/Reshape_6_output_0" not specified
Quantization parameters for tensor:"/norm2/LayerNormalization_output_0" not specified
Quantization parameters for tensor:"/Mul_16_output_0" not specified
Quantization parameters for tensor:"/norm1_1/LayerNormalization_output_0" not specified
Quantization parameters for tensor:"/Reshape_13_output_0" not specified
Quantization parameters for tensor:"/norm2_1/LayerNormalization_output_0" not specified
Quantization parameters for tensor:"/Mul_30_output_0" not specified
Quantization parameters for tensor:"/norm1_2/LayerNormalization_output_0" not specified
Quantization parameters for tensor:"/Reshape_20_output_0" not specified
Quantization parameters for tensor:"/norm2_2/LayerNormalization_output_0" not specified
Quantization parameters for tensor:"/Mul_44_output_0" not specified
Quantization parameters for tensor:"/norm1_3/LayerNormalization_output_0" not specified
Quantization parameters for tensor:"/Reshape_27_output_0" not specified
Quantization parameters for tensor:"/norm2_3/LayerNormalization_output_0" not specified
Quantization parameters for tensor:"/Mul_58_output_0" not specified
Quantization parameters for tensor:"/norm1_4/LayerNormalization_output_0" not specified
Quantization parameters for tensor:"/Reshape_34_output_0" not specified
Quantization parameters for tensor:"/norm2_4/LayerNormalization_output_0" not specified
Quantization parameters for tensor:"/Mul_72_output_0" not specified
Quantization parameters for tensor:"/norm1_5/LayerNormalization_output_0" not specified
Quantization parameters for tensor:"/Reshape_41_output_0" not specified
Quantization parameters for tensor:"/norm2_5/LayerNormalization_output_0" not specified
Quantization parameters for tensor:"/Mul_86_output_0" not specified
Wrote exports/pocket-tts-it.onnx (226.5 MB)
Splitting exports/pocket-tts-it.onnx
  model     173.6 MB
  encoder    39.2 MB
  assets      0.7 MB
== pt (portuguese)
Loading model from config at /Users/yqbqwlny/Documents/projects/audio/pocket-tts-onnx/.venv/lib/python3.13/site-packages/pocket_tts/config/portuguese.yaml...
Loading sentencepiece tokenizer from hf://kyutai/pocket-tts-without-voice-cloning/languages/portuguese/tokenizer.model@d29db7978e464fb90cb3359ee0c69a273b9142cc
HTTP Request: HEAD https://huggingface.co/kyutai/pocket-tts-without-voice-cloning/resolve/d29db7978e464fb90cb3359ee0c69a273b9142cc/languages/portuguese/tokenizer.model "HTTP/1.1 302 Found"
HTTP Request: GET https://huggingface.co/api/models/kyutai/pocket-tts-without-voice-cloning/xet-read-token/d29db7978e464fb90cb3359ee0c69a273b9142cc "HTTP/1.1 200 OK"
Loading TTSModel weights from hf://kyutai/pocket-tts/languages/portuguese/model.safetensors@39592ff23c9ef80098bb74895d104c26275fe2c9
HTTP Request: HEAD https://huggingface.co/kyutai/pocket-tts/resolve/39592ff23c9ef80098bb74895d104c26275fe2c9/languages/portuguese/model.safetensors "HTTP/1.1 302 Found"
HTTP Request: GET https://huggingface.co/api/models/kyutai/pocket-tts/xet-read-token/39592ff23c9ef80098bb74895d104c26275fe2c9 "HTTP/1.1 200 OK"
TTS Model loaded successfully. Its size is 438.0 MB
Encoding voice rafael
HTTP Request: HEAD https://huggingface.co/kyutai/pocket-tts/resolve/64ab7d24c479d736a83b8cc666c4a776fca30fda/g-Vi8PgmSY0-enhanced-v2.wav "HTTP/1.1 302 Found"
HTTP Request: GET https://huggingface.co/api/models/kyutai/pocket-tts/xet-read-token/64ab7d24c479d736a83b8cc666c4a776fca30fda "HTTP/1.1 200 OK"
Encoding voice alba
HTTP Request: HEAD https://huggingface.co/kyutai/tts-voices/resolve/main/alba-mackenna/casual.wav "HTTP/1.1 302 Found"
Exporting step graph, up to 4 decode steps (tokens, latent, is_bos, cond, gates, noise, flow_kv, flow_offset, mimi_kv, mimi_offset, mimi_conv, decode_steps)
/Users/yqbqwlny/Documents/projects/audio/pocket-tts-onnx/.venv/lib/python3.13/site-packages/pocket_tts/modules/rope.py:23: TracerWarning: Converting a tensor to a Python boolean might cause the trace to be incorrect. We can't record the data flow of Python values, so this value will be treated as a constant in the future. This means that the trace might not generalize to other inputs!
  assert (B, T, D) == (Bk, Tk, Dk)
/Users/yqbqwlny/Documents/projects/audio/pocket-tts-onnx/.venv/lib/python3.13/site-packages/pocket_tts/modules/rope.py:24: TracerWarning: Converting a tensor to a Python boolean might cause the trace to be incorrect. We can't record the data flow of Python values, so this value will be treated as a constant in the future. This means that the trace might not generalize to other inputs!
  assert D > 0
/Users/yqbqwlny/Documents/projects/audio/pocket-tts-onnx/.venv/lib/python3.13/site-packages/pocket_tts/modules/rope.py:25: TracerWarning: Converting a tensor to a Python boolean might cause the trace to be incorrect. We can't record the data flow of Python values, so this value will be treated as a constant in the future. This means that the trace might not generalize to other inputs!
  assert D % 2 == 0
/Users/yqbqwlny/Documents/projects/audio/pocket-tts-onnx/src/pocket_tts_onnx/export/step_model.py:35: TracerWarning: Converting a tensor to a Python float might cause the trace to be incorrect. We can't record the data flow of Python values, so this value will be treated as a constant in the future. This means that the trace might not generalize to other inputs!
  scores = torch.matmul(q, k.transpose(-1, -2)) / math.sqrt(q.shape[-1])
Folded 13 identity nodes
Rewrote 102 gemms as matmuls
Quantizing 24 of 151 matmuls to int8
Please consider to run pre-processing before quantization. Refer to example: https://github.com/microsoft/onnxruntime-inference-examples/blob/main/quantization/image_classification/cpu/ReadMe.md 
Quantization parameters for tensor:"/norm1/LayerNormalization_output_0" not specified
Quantization parameters for tensor:"/Reshape_6_output_0" not specified
Quantization parameters for tensor:"/norm2/LayerNormalization_output_0" not specified
Quantization parameters for tensor:"/Mul_16_output_0" not specified
Quantization parameters for tensor:"/norm1_1/LayerNormalization_output_0" not specified
Quantization parameters for tensor:"/Reshape_13_output_0" not specified
Quantization parameters for tensor:"/norm2_1/LayerNormalization_output_0" not specified
Quantization parameters for tensor:"/Mul_30_output_0" not specified
Quantization parameters for tensor:"/norm1_2/LayerNormalization_output_0" not specified
Quantization parameters for tensor:"/Reshape_20_output_0" not specified
Quantization parameters for tensor:"/norm2_2/LayerNormalization_output_0" not specified
Quantization parameters for tensor:"/Mul_44_output_0" not specified
Quantization parameters for tensor:"/norm1_3/LayerNormalization_output_0" not specified
Quantization parameters for tensor:"/Reshape_27_output_0" not specified
Quantization parameters for tensor:"/norm2_3/LayerNormalization_output_0" not specified
Quantization parameters for tensor:"/Mul_58_output_0" not specified
Quantization parameters for tensor:"/norm1_4/LayerNormalization_output_0" not specified
Quantization parameters for tensor:"/Reshape_34_output_0" not specified
Quantization parameters for tensor:"/norm2_4/LayerNormalization_output_0" not specified
Quantization parameters for tensor:"/Mul_72_output_0" not specified
Quantization parameters for tensor:"/norm1_5/LayerNormalization_output_0" not specified
Quantization parameters for tensor:"/Reshape_41_output_0" not specified
Quantization parameters for tensor:"/norm2_5/LayerNormalization_output_0" not specified
Quantization parameters for tensor:"/Mul_86_output_0" not specified
Wrote exports/pocket-tts-pt.onnx (226.6 MB)
Splitting exports/pocket-tts-pt.onnx
  model     173.6 MB
  encoder    39.2 MB
  assets      0.8 MB
== fr (french_24l)
Loading model from config at /Users/yqbqwlny/Documents/projects/audio/pocket-tts-onnx/.venv/lib/python3.13/site-packages/pocket_tts/config/french_24l.yaml...
Loading sentencepiece tokenizer from hf://kyutai/pocket-tts-without-voice-cloning/languages/french_24l/tokenizer.model@d29db7978e464fb90cb3359ee0c69a273b9142cc
HTTP Request: HEAD https://huggingface.co/kyutai/pocket-tts-without-voice-cloning/resolve/d29db7978e464fb90cb3359ee0c69a273b9142cc/languages/french_24l/tokenizer.model "HTTP/1.1 302 Found"
HTTP Request: GET https://huggingface.co/api/models/kyutai/pocket-tts-without-voice-cloning/xet-read-token/d29db7978e464fb90cb3359ee0c69a273b9142cc "HTTP/1.1 200 OK"
Loading TTSModel weights from hf://kyutai/pocket-tts/languages/french_24l/model.safetensors@39592ff23c9ef80098bb74895d104c26275fe2c9
HTTP Request: HEAD https://huggingface.co/kyutai/pocket-tts/resolve/39592ff23c9ef80098bb74895d104c26275fe2c9/languages/french_24l/model.safetensors "HTTP/1.1 302 Found"
HTTP Request: GET https://huggingface.co/api/models/kyutai/pocket-tts/xet-read-token/39592ff23c9ef80098bb74895d104c26275fe2c9 "HTTP/1.1 200 OK"
TTS Model loaded successfully. Its size is 1344.0 MB
Encoding voice estelle
HTTP Request: HEAD https://huggingface.co/kyutai/tts-voices/resolve/1fc7395b7e012e2bbebfca14b942a4ef62ccc899/unmute-prod-website/developpeuse-3.wav "HTTP/1.1 302 Found"
HTTP Request: GET https://huggingface.co/api/models/kyutai/tts-voices/xet-read-token/1fc7395b7e012e2bbebfca14b942a4ef62ccc899 "HTTP/1.1 200 OK"
Encoding voice javert
HTTP Request: HEAD https://huggingface.co/kyutai/tts-voices/resolve/main/voice-donations/Butter.wav "HTTP/1.1 302 Found"
Exporting step graph, up to 4 decode steps (tokens, latent, is_bos, cond, gates, noise, flow_kv, flow_offset, mimi_kv, mimi_offset, mimi_conv, decode_steps)
/Users/yqbqwlny/Documents/projects/audio/pocket-tts-onnx/.venv/lib/python3.13/site-packages/pocket_tts/modules/rope.py:23: TracerWarning: Converting a tensor to a Python boolean might cause the trace to be incorrect. We can't record the data flow of Python values, so this value will be treated as a constant in the future. This means that the trace might not generalize to other inputs!
  assert (B, T, D) == (Bk, Tk, Dk)
/Users/yqbqwlny/Documents/projects/audio/pocket-tts-onnx/.venv/lib/python3.13/site-packages/pocket_tts/modules/rope.py:24: TracerWarning: Converting a tensor to a Python boolean might cause the trace to be incorrect. We can't record the data flow of Python values, so this value will be treated as a constant in the future. This means that the trace might not generalize to other inputs!
  assert D > 0
/Users/yqbqwlny/Documents/projects/audio/pocket-tts-onnx/.venv/lib/python3.13/site-packages/pocket_tts/modules/rope.py:25: TracerWarning: Converting a tensor to a Python boolean might cause the trace to be incorrect. We can't record the data flow of Python values, so this value will be treated as a constant in the future. This means that the trace might not generalize to other inputs!
  assert D % 2 == 0
/Users/yqbqwlny/Documents/projects/audio/pocket-tts-onnx/src/pocket_tts_onnx/export/step_model.py:35: TracerWarning: Converting a tensor to a Python float might cause the trace to be incorrect. We can't record the data flow of Python values, so this value will be treated as a constant in the future. This means that the trace might not generalize to other inputs!
  scores = torch.matmul(q, k.transpose(-1, -2)) / math.sqrt(q.shape[-1])
Folded 13 identity nodes
Rewrote 102 gemms as matmuls
Quantizing 96 of 259 matmuls to int8
Please consider to run pre-processing before quantization. Refer to example: https://github.com/microsoft/onnxruntime-inference-examples/blob/main/quantization/image_classification/cpu/ReadMe.md 
Quantization parameters for tensor:"/norm1/LayerNormalization_output_0" not specified
Quantization parameters for tensor:"/Reshape_6_output_0" not specified
Quantization parameters for tensor:"/norm2/LayerNormalization_output_0" not specified
Quantization parameters for tensor:"/Mul_16_output_0" not specified
Quantization parameters for tensor:"/norm1_1/LayerNormalization_output_0" not specified
Quantization parameters for tensor:"/Reshape_13_output_0" not specified
Quantization parameters for tensor:"/norm2_1/LayerNormalization_output_0" not specified
Quantization parameters for tensor:"/Mul_30_output_0" not specified
Quantization parameters for tensor:"/norm1_2/LayerNormalization_output_0" not specified
Quantization parameters for tensor:"/Reshape_20_output_0" not specified
Quantization parameters for tensor:"/norm2_2/LayerNormalization_output_0" not specified
Quantization parameters for tensor:"/Mul_44_output_0" not specified
Quantization parameters for tensor:"/norm1_3/LayerNormalization_output_0" not specified
Quantization parameters for tensor:"/Reshape_27_output_0" not specified
Quantization parameters for tensor:"/norm2_3/LayerNormalization_output_0" not specified
Quantization parameters for tensor:"/Mul_58_output_0" not specified
Quantization parameters for tensor:"/norm1_4/LayerNormalization_output_0" not specified
Quantization parameters for tensor:"/Reshape_34_output_0" not specified
Quantization parameters for tensor:"/norm2_4/LayerNormalization_output_0" not specified
Quantization parameters for tensor:"/Mul_72_output_0" not specified
Quantization parameters for tensor:"/norm1_5/LayerNormalization_output_0" not specified
Quantization parameters for tensor:"/Reshape_41_output_0" not specified
Quantization parameters for tensor:"/norm2_5/LayerNormalization_output_0" not specified
Quantization parameters for tensor:"/Mul_86_output_0" not specified
Quantization parameters for tensor:"/norm1_6/LayerNormalization_output_0" not specified
Quantization parameters for tensor:"/Reshape_48_output_0" not specified
Quantization parameters for tensor:"/norm2_6/LayerNormalization_output_0" not specified
Quantization parameters for tensor:"/Mul_100_output_0" not specified
Quantization parameters for tensor:"/norm1_7/LayerNormalization_output_0" not specified
Quantization parameters for tensor:"/Reshape_55_output_0" not specified
Quantization parameters for tensor:"/norm2_7/LayerNormalization_output_0" not specified
Quantization parameters for tensor:"/Mul_114_output_0" not specified
Quantization parameters for tensor:"/norm1_8/LayerNormalization_output_0" not specified
Quantization parameters for tensor:"/Reshape_62_output_0" not specified
Quantization parameters for tensor:"/norm2_8/LayerNormalization_output_0" not specified
Quantization parameters for tensor:"/Mul_128_output_0" not specified
Quantization parameters for tensor:"/norm1_9/LayerNormalization_output_0" not specified
Quantization parameters for tensor:"/Reshape_69_output_0" not specified
Quantization parameters for tensor:"/norm2_9/LayerNormalization_output_0" not specified
Quantization parameters for tensor:"/Mul_142_output_0" not specified
Quantization parameters for tensor:"/norm1_10/LayerNormalization_output_0" not specified
Quantization parameters for tensor:"/Reshape_76_output_0" not specified
Quantization parameters for tensor:"/norm2_10/LayerNormalization_output_0" not specified
Quantization parameters for tensor:"/Mul_156_output_0" not specified
Quantization parameters for tensor:"/norm1_11/LayerNormalization_output_0" not specified
Quantization parameters for tensor:"/Reshape_83_output_0" not specified
Quantization parameters for tensor:"/norm2_11/LayerNormalization_output_0" not specified
Quantization parameters for tensor:"/Mul_170_output_0" not specified
Quantization parameters for tensor:"/norm1_12/LayerNormalization_output_0" not specified
Quantization parameters for tensor:"/Reshape_90_output_0" not specified
Quantization parameters for tensor:"/norm2_12/LayerNormalization_output_0" not specified
Quantization parameters for tensor:"/Mul_184_output_0" not specified
Quantization parameters for tensor:"/norm1_13/LayerNormalization_output_0" not specified
Quantization parameters for tensor:"/Reshape_97_output_0" not specified
Quantization parameters for tensor:"/norm2_13/LayerNormalization_output_0" not specified
Quantization parameters for tensor:"/Mul_198_output_0" not specified
Quantization parameters for tensor:"/norm1_14/LayerNormalization_output_0" not specified
Quantization parameters for tensor:"/Reshape_104_output_0" not specified
Quantization parameters for tensor:"/norm2_14/LayerNormalization_output_0" not specified
Quantization parameters for tensor:"/Mul_212_output_0" not specified
Quantization parameters for tensor:"/norm1_15/LayerNormalization_output_0" not specified
Quantization parameters for tensor:"/Reshape_111_output_0" not specified
Quantization parameters for tensor:"/norm2_15/LayerNormalization_output_0" not specified
Quantization parameters for tensor:"/Mul_226_output_0" not specified
Quantization parameters for tensor:"/norm1_16/LayerNormalization_output_0" not specified
Quantization parameters for tensor:"/Reshape_118_output_0" not specified
Quantization parameters for tensor:"/norm2_16/LayerNormalization_output_0" not specified
Quantization parameters for tensor:"/Mul_240_output_0" not specified
Quantization parameters for tensor:"/norm1_17/LayerNormalization_output_0" not specified
Quantization parameters for tensor:"/Reshape_125_output_0" not specified
Quantization parameters for tensor:"/norm2_17/LayerNormalization_output_0" not specified
Quantization parameters for tensor:"/Mul_254_output_0" not specified
Quantization parameters for tensor:"/norm1_18/LayerNormalization_output_0" not specified
Quantization parameters for tensor:"/Reshape_132_output_0" not specified
Quantization parameters for tensor:"/norm2_18/LayerNormalization_output_0" not specified
Quantization parameters for tensor:"/Mul_268_output_0" not specified
Quantization parameters for tensor:"/norm1_19/LayerNormalization_output_0" not specified
Quantization parameters for tensor:"/Reshape_139_output_0" not specified
Quantization parameters for tensor:"/norm2_19/LayerNormalization_output_0" not specified
Quantization parameters for tensor:"/Mul_282_output_0" not specified
Quantization parameters for tensor:"/norm1_20/LayerNormalization_output_0" not specified
Quantization parameters for tensor:"/Reshape_146_output_0" not specified
Quantization parameters for tensor:"/norm2_20/LayerNormalization_output_0" not specified
Quantization parameters for tensor:"/Mul_296_output_0" not specified
Quantization parameters for tensor:"/norm1_21/LayerNormalization_output_0" not specified
Quantization parameters for tensor:"/Reshape_153_output_0" not specified
Quantization parameters for tensor:"/norm2_21/LayerNormalization_output_0" not specified
Quantization parameters for tensor:"/Mul_310_output_0" not specified
Quantization parameters for tensor:"/norm1_22/LayerNormalization_output_0" not specified
Quantization parameters for tensor:"/Reshape_160_output_0" not specified
Quantization parameters for tensor:"/norm2_22/LayerNormalization_output_0" not specified
Quantization parameters for tensor:"/Mul_324_output_0" not specified
Quantization parameters for tensor:"/norm1_23/LayerNormalization_output_0" not specified
Quantization parameters for tensor:"/Reshape_167_output_0" not specified
Quantization parameters for tensor:"/norm2_23/LayerNormalization_output_0" not specified
Quantization parameters for tensor:"/Mul_338_output_0" not specified
Wrote exports/pocket-tts-fr.onnx (455.0 MB)
Splitting exports/pocket-tts-fr.onnx
  model     401.9 MB
  encoder    39.2 MB
  assets      0.9 MB
ALL DONE
